Copyright 1986-2019 Xilinx, Inc. All Rights Reserved.
---------------------------------------------------------------------------------------------------------------------------------------------------------
| Tool Version : Vivado v.2019.2 (lin64) Build 2708876 Wed Nov  6 21:39:14 MST 2019
| Date         : Thu Jan 16 20:59:06 2020
| Host         : parallels-Parallels-Virtual-Platform running 64-bit Ubuntu 18.04.3 LTS
| Command      : report_drc -file snkrddl_blk_0_wrapper_drc_routed.rpt -pb snkrddl_blk_0_wrapper_drc_routed.pb -rpx snkrddl_blk_0_wrapper_drc_routed.rpx
| Design       : snkrddl_blk_0_wrapper
| Device       : xc7z020clg400-3
| Speed File   : -3
| Design State : Fully Routed
---------------------------------------------------------------------------------------------------------------------------------------------------------

Report DRC

Table of Contents
-----------------
1. REPORT SUMMARY
2. REPORT DETAILS

1. REPORT SUMMARY
-----------------
            Netlist: netlist
          Floorplan: design_1
      Design limits: <entire design considered>
           Ruledeck: default
             Max violations: <unlimited>
             Violations found: 0
+------+----------+-------------+------------+
| Rule | Severity | Description | Violations |
+------+----------+-------------+------------+
+------+----------+-------------+------------+

2. REPORT DETAILS
-----------------

